C:/Users/Raamrithik/OneDrive/Documents/ZIDIS_Node/mtkernal/include/sys/queue.h:58:13:QueInsert	16	static
C:/Users/Raamrithik/OneDrive/Documents/ZIDIS_Node/mtkernal/include/sys/queue.h:71:13:QueRemove	16	static
C:/Users/Raamrithik/OneDrive/Documents/ZIDIS_Node/mtkernal/include/sys/queue.h:85:15:QueRemoveNext	24	static
C:/Users/Raamrithik/OneDrive/Documents/ZIDIS_Node/mtkernal/kernel/knlinc/../tkernel/timer.h:92:13:knl_timer_delete	16	static
C:/Users/Raamrithik/OneDrive/Documents/ZIDIS_Node/mtkernal/kernel/knlinc/../sysdepend/cpu/core/armv8m/cpu_status.h:62:13:knl_isTaskIndependent	4	static
../mtkernal/kernel/tkernel/task.h:40:13:knl_task_alive	16	static
../mtkernal/kernel/tkernel/wait.h:49:13:knl_wait_cancel	16	static
../mtkernal/kernel/tkernel/../sysdepend/cpu/core/armv8m/cpu_task.h:106:13:knl_setup_stacd	24	static
../mtkernal/kernel/tkernel/../sysdepend/cpu/core/armv8m/cpu_task.h:119:13:knl_cleanup_context	24	static,ignoring_inline_asm
../mtkernal/kernel/tkernel/task_manage.c:29:12:tk_cre_tsk	40	static
../mtkernal/kernel/tkernel/task_manage.c:130:10:knl_del_tsk	24	static
../mtkernal/kernel/tkernel/task_manage.c:161:12:tk_del_tsk	32	static
../mtkernal/kernel/tkernel/task_manage.c:190:12:tk_sta_tsk	32	static
../mtkernal/kernel/tkernel/task_manage.c:218:12:knl_ter_tsk	24	static
../mtkernal/kernel/tkernel/task_manage.c:245:14:tk_ext_tsk	80	static
../mtkernal/kernel/tkernel/task_manage.c:285:14:tk_exd_tsk	8	static
../mtkernal/kernel/tkernel/task_manage.c:313:12:tk_ter_tsk	32	static
../mtkernal/kernel/tkernel/task_manage.c:351:12:tk_chg_pri	32	static
../mtkernal/kernel/tkernel/task_manage.c:403:12:tk_rot_rdq	24	static
../mtkernal/kernel/tkernel/task_manage.c:429:12:tk_get_tid	4	static
../mtkernal/kernel/tkernel/task_manage.c:439:12:tk_ref_tsk	32	static
../mtkernal/kernel/tkernel/task_manage.c:484:12:tk_rel_wai	32	static
../mtkernal/kernel/tkernel/task_manage.c:547:13:td_lst_tsk	32	static
../mtkernal/kernel/tkernel/task_manage.c:573:12:td_ref_tsk	32	static
../mtkernal/kernel/tkernel/task_manage.c:619:12:td_inf_tsk	40	static
