C:/Users/Raamrithik/OneDrive/Documents/ZIDIS_Node/mtkernal/include/tk/sysdepend/cpu/core/armv8m/syslib.h:92:11:in_w	16	static
C:/Users/Raamrithik/OneDrive/Documents/ZIDIS_Node/mtkernal/include/sys/queue.h:40:13:QueInit	16	static
C:/Users/Raamrithik/OneDrive/Documents/ZIDIS_Node/mtkernal/include/sys/queue.h:58:13:QueInsert	16	static
C:/Users/Raamrithik/OneDrive/Documents/ZIDIS_Node/mtkernal/include/sys/queue.h:71:13:QueRemove	16	static
C:/Users/Raamrithik/OneDrive/Documents/ZIDIS_Node/mtkernal/include/sys/queue.h:85:15:QueRemoveNext	24	static
C:/Users/Raamrithik/OneDrive/Documents/ZIDIS_Node/mtkernal/kernel/knlinc/../tkernel/timer.h:29:16:knl_toLSYSTIM	48	static
C:/Users/Raamrithik/OneDrive/Documents/ZIDIS_Node/mtkernal/kernel/knlinc/../tkernel/timer.h:38:15:knl_toSYSTIM	32	static
C:/Users/Raamrithik/OneDrive/Documents/ZIDIS_Node/mtkernal/kernel/knlinc/../tkernel/timer.h:54:13:knl_abstim_reached	16	static
C:/Users/Raamrithik/OneDrive/Documents/ZIDIS_Node/mtkernal/kernel/knlinc/../tkernel/timer.h:92:13:knl_timer_delete	16	static
C:/Users/Raamrithik/OneDrive/Documents/ZIDIS_Node/mtkernal/kernel/knlinc/../sysdepend/cpu/core/armv8m/cpu_status.h:69:13:knl_EnterTaskIndependent	4	static
C:/Users/Raamrithik/OneDrive/Documents/ZIDIS_Node/mtkernal/kernel/knlinc/../sysdepend/cpu/core/armv8m/cpu_status.h:73:13:knl_LeaveTaskIndependent	4	static
../mtkernal/kernel/tkernel/time_calls.h:48:15:knl_cyc_next_time	24	static
../mtkernal/kernel/tkernel/time_calls.h:68:13:knl_cyc_timer_insert	16	static
../mtkernal/kernel/tkernel/time_calls.h:99:13:knl_alm_timer_insert	24	static
../mtkernal/kernel/tkernel/../sysdepend/cpu/core/armv8m/sys_timer.h:95:11:knl_get_hw_timer_nsec	64	static
../mtkernal/kernel/tkernel/time_calls.c:36:12:tk_set_utc	32	static
../mtkernal/kernel/tkernel/time_calls.c:52:12:tk_get_utc	48	static
../mtkernal/kernel/tkernel/time_calls.c:66:12:tk_set_tim	48	static
../mtkernal/kernel/tkernel/time_calls.c:85:12:tk_get_tim	56	static
../mtkernal/kernel/tkernel/time_calls.c:103:12:tk_get_otm	40	static
../mtkernal/kernel/tkernel/time_calls.c:117:12:td_get_utc	48	static
../mtkernal/kernel/tkernel/time_calls.c:133:12:td_get_tim	56	static
../mtkernal/kernel/tkernel/time_calls.c:152:12:td_get_otm	40	static
../mtkernal/kernel/tkernel/time_calls.c:180:11:knl_cyclichandler_initialize	16	static
../mtkernal/kernel/tkernel/time_calls.c:204:13:knl_call_cychdr	16	static
../mtkernal/kernel/tkernel/time_calls.c:218:12:knl_immediate_call_cychdr	16	static
../mtkernal/kernel/tkernel/time_calls.c:233:12:tk_cre_cyc	40	static
../mtkernal/kernel/tkernel/time_calls.c:309:12:tk_del_cyc	32	static
../mtkernal/kernel/tkernel/time_calls.c:341:12:tk_sta_cyc	40	static
../mtkernal/kernel/tkernel/time_calls.c:398:12:tk_stp_cyc	32	static
../mtkernal/kernel/tkernel/time_calls.c:427:12:tk_ref_cyc	40	static
../mtkernal/kernel/tkernel/time_calls.c:501:13:td_lst_cyc	32	static
../mtkernal/kernel/tkernel/time_calls.c:528:12:td_ref_cyc	40	static
../mtkernal/kernel/tkernel/time_calls.c:583:11:knl_alarmhandler_initialize	16	static
../mtkernal/kernel/tkernel/time_calls.c:607:13:knl_call_almhdr	16	static
../mtkernal/kernel/tkernel/time_calls.c:621:12:tk_cre_alm	32	static
../mtkernal/kernel/tkernel/time_calls.c:668:12:tk_del_alm	32	static
../mtkernal/kernel/tkernel/time_calls.c:699:12:knl_immediate_call_almhdr	16	static
../mtkernal/kernel/tkernel/time_calls.c:713:12:tk_sta_alm	32	static
../mtkernal/kernel/tkernel/time_calls.c:753:12:tk_stp_alm	32	static
../mtkernal/kernel/tkernel/time_calls.c:782:12:tk_ref_alm	40	static
../mtkernal/kernel/tkernel/time_calls.c:855:13:td_lst_alm	32	static
../mtkernal/kernel/tkernel/time_calls.c:882:12:td_ref_alm	40	static
